// Jest Snapshot v1, https://goo.gl/fbAQLP

exports[`ItemRadio Should display a CircleIcon with an innerDisc when the input is checked 1`] = `
.c3 {
  fill: #00AFF5;
}

.c3.kirk-icon-wrapper {
  display: inline-block;
  position: relative;
}

.c3.kirk-icon-shadowed {
  border-radius: 50%;
  box-shadow: 0 0 2px rgba(0,0,0,.3);
}

.c3 .kirk-icon-badge {
  position: absolute;
  bottom: 12px;
  left: 12px;
}

.c1 {
  margin: 0;
  font-weight: 400;
}

.c1.kirk-text-button {
  color: #054752;
  font-size: 16px;
  line-height: 20px;
}

.c1.kirk-text-body,
.c1.kirk-text-bodyStrong {
  color: #708C91;
  font-size: 16px;
  line-height: 20px;
}

.c1.kirk-text-caption {
  color: #708C91;
  font-size: 13px;
  line-height: 16px;
}

.c1.kirk-text-title,
.c1.kirk-text-titleStrong {
  color: #054752;
  font-size: 18px;
  line-height: 20px;
}

.c1.kirk-text-display2 {
  color: #054752;
  font-size: 82px;
  line-height: 82px;
  font-weight: 500;
}

.c1.kirk-text-display1 {
  color: #054752;
  font-size: 30px;
  line-height: 1.06;
  font-weight: 500;
}

.c1.kirk-text-subheader,
.c1.kirk-text-subheaderStrong {
  color: #054752;
  font-size: 22px;
  line-height: 24px;
}

.c1.kirk-text-title,
.c1.kirk-text-titleStrong {
  color: #054752;
  font-size: 18px;
  line-height: 20px;
}

.c1.kirk-text-bodyStrong,
.c1.kirk-text-subheaderStrong,
.c1.kirk-text-titleStrong {
  font-weight: 500;
}

.c0 {
  position: relative;
  display: -webkit-box;
  display: -webkit-flex;
  display: -ms-flexbox;
  display: flex;
  padding: 0;
  padding-top: 16px;
  padding-bottom: 16px;
  -webkit-align-items: center;
  -webkit-box-align: center;
  -ms-flex-align: center;
  align-items: center;
  -webkit-flex: 1;
  -ms-flex: 1;
  flex: 1;
  border: 0;
  background: none;
}

.c0.kirk-item--clickable:hover {
  cursor: pointer;
  background: #EDEDED;
}

.c0.kirk-item--hideHoverBackground.kirk-item--clickable:hover {
  background: none;
}

.c0:disabled {
  cursor: default;
}

a.c0 {
  background: none;
  -webkit-text-decoration: none;
  text-decoration: none;
  -webkit-user-select: none;
  -moz-user-select: none;
  -ms-user-select: none;
  user-select: none;
  -webkit-tap-highlight-color: rgba(221,221,221,.4);
  -webkit-touch-callout: none;
}

button.c0 {
  cursor: pointer;
  text-align: left;
  width: 100%;
  font-family: inherit;
  background-color: transparent;
  -webkit-tap-highlight-color: rgba(221,221,221,.4);
  -webkit-touch-callout: none;
}

button:focus:not(.focus-visible).c0 {
  outline: none;
}

.c0 .kirk-item-leftText {
  -webkit-flex: 1;
  -ms-flex: 1;
  flex: 1;
}

.c0 .kirk-item-rightText {
  margin-left: 16px;
  text-align: right;
}

.c0 .kirk-text {
  display: block;
}

.c0 .kirk-item-title--withBody {
  margin-bottom: 4px;
}

.c0 .kirk-item--strikethrough {
  -webkit-text-decoration: line-through;
  text-decoration: line-through;
}

.c0 .kirk-item-title--withButtonAddon {
  position: relative;
}

.c0 .kirk-item-leftAddon,
.c0 .kirk-item-rightAddon {
  display: -webkit-inline-box;
  display: -webkit-inline-flex;
  display: -ms-inline-flexbox;
  display: inline-flex;
  min-width: 24px;
  -webkit-align-items: center;
  -webkit-box-align: center;
  -ms-flex-align: center;
  align-items: center;
}

.c0 .kirk-item-leftAddon {
  margin-right: 16px;
}

.c0 .kirk-item-rightAddon {
  margin-left: 16px;
}

.c0.kirk-item--highlighted .kirk-text-title {
  color: #00AFF5;
}

.c0 .kirk-item-title--withButtonAddon button {
  position: absolute;
  width: 24px;
  height: 24px;
  margin-left: 4px;
  bottom: 0;
}

.c2.spinning {
  -webkit-animation: cqjtzU 1.4s linear infinite;
  animation: cqjtzU 1.4s linear infinite;
}

.c2 circle {
  stroke-width: 6;
  stroke-linecap: round;
}

.c2.spinning circle {
  stroke-dasharray: 187;
  stroke-dashoffset: 0;
  -webkit-transform-origin: center;
  -ms-transform-origin: center;
  transform-origin: center;
  -webkit-animation: hqYbNG 1.4s ease-in-out infinite;
  animation: hqYbNG 1.4s ease-in-out infinite;
}

.c2 circle.outer {
  stroke: #00AFF5;
}

.c2 circle.inner {
  stroke-width: 0;
  fill: #00AFF5;
}

.c2.thin circle {
  stroke-width: 3;
}

.c2.absolute {
  position: absolute;
}

<label
  className="kirk-item kirk-item--clickable kirk-item-radio custom-class-name c0"
>
  <span
    className="kirk-item-leftText"
  >
    <span
      className="kirk-text kirk-text-title c1"
    >
      Label title
    </span>
    <span
      className="kirk-text kirk-text-body kirk-item-body c1"
    >
      Label
    </span>
  </span>
  <span
    className="kirk-item-rightText"
  >
    <div
      className="kirk-text kirk-text-subheaderStrong kirk-item-title c1"
    >
      Data
    </div>
    <div
      className="kirk-text kirk-text-body kirk-item-body c1"
    >
      Data info
    </div>
  </span>
  <span
    className="kirk-item-rightAddon"
  >
    <input
      checked={true}
      disabled={false}
      name="name"
      onBlur={[Function]}
      onChange={[Function]}
      onClick={[Function]}
      onFocus={[Function]}
      type="radio"
      value={0}
    />
    <svg
      aria-hidden={true}
      className="kirk-icon kirk-icon-circle c2 c3"
      height={24}
      viewBox="0 0 66 66"
      width={24}
      xmlns="http://www.w3.org/2000/svg"
    >
      
      <circle
        className="outer"
        cx="33"
        cy="33"
        fill="none"
        r="30"
      />
      <circle
        className="inner"
        cx="33"
        cy="33"
        r="18"
      />
    </svg>
  </span>
</label>
`;

exports[`ItemRadio Should display a Loader when the component is in loading status 1`] = `
.c4 {
  fill: #5DD167;
}

.c4.kirk-icon-wrapper {
  display: inline-block;
  position: relative;
}

.c4.kirk-icon-shadowed {
  border-radius: 50%;
  box-shadow: 0 0 2px rgba(0,0,0,.3);
}

.c4 .kirk-icon-badge {
  position: absolute;
  bottom: 12px;
  left: 12px;
}

.c1 {
  margin: 0;
  font-weight: 400;
}

.c1.kirk-text-button {
  color: #054752;
  font-size: 16px;
  line-height: 20px;
}

.c1.kirk-text-body,
.c1.kirk-text-bodyStrong {
  color: #708C91;
  font-size: 16px;
  line-height: 20px;
}

.c1.kirk-text-caption {
  color: #708C91;
  font-size: 13px;
  line-height: 16px;
}

.c1.kirk-text-title,
.c1.kirk-text-titleStrong {
  color: #054752;
  font-size: 18px;
  line-height: 20px;
}

.c1.kirk-text-display2 {
  color: #054752;
  font-size: 82px;
  line-height: 82px;
  font-weight: 500;
}

.c1.kirk-text-display1 {
  color: #054752;
  font-size: 30px;
  line-height: 1.06;
  font-weight: 500;
}

.c1.kirk-text-subheader,
.c1.kirk-text-subheaderStrong {
  color: #054752;
  font-size: 22px;
  line-height: 24px;
}

.c1.kirk-text-title,
.c1.kirk-text-titleStrong {
  color: #054752;
  font-size: 18px;
  line-height: 20px;
}

.c1.kirk-text-bodyStrong,
.c1.kirk-text-subheaderStrong,
.c1.kirk-text-titleStrong {
  font-weight: 500;
}

.c0 {
  position: relative;
  display: -webkit-box;
  display: -webkit-flex;
  display: -ms-flexbox;
  display: flex;
  padding: 0;
  padding-top: 16px;
  padding-bottom: 16px;
  -webkit-align-items: center;
  -webkit-box-align: center;
  -ms-flex-align: center;
  align-items: center;
  -webkit-flex: 1;
  -ms-flex: 1;
  flex: 1;
  border: 0;
  background: none;
}

.c0.kirk-item--clickable:hover {
  cursor: pointer;
  background: #EDEDED;
}

.c0.kirk-item--hideHoverBackground.kirk-item--clickable:hover {
  background: none;
}

.c0:disabled {
  cursor: default;
}

a.c0 {
  background: none;
  -webkit-text-decoration: none;
  text-decoration: none;
  -webkit-user-select: none;
  -moz-user-select: none;
  -ms-user-select: none;
  user-select: none;
  -webkit-tap-highlight-color: rgba(221,221,221,.4);
  -webkit-touch-callout: none;
}

button.c0 {
  cursor: pointer;
  text-align: left;
  width: 100%;
  font-family: inherit;
  background-color: transparent;
  -webkit-tap-highlight-color: rgba(221,221,221,.4);
  -webkit-touch-callout: none;
}

button:focus:not(.focus-visible).c0 {
  outline: none;
}

.c0 .kirk-item-leftText {
  -webkit-flex: 1;
  -ms-flex: 1;
  flex: 1;
}

.c0 .kirk-item-rightText {
  margin-left: 16px;
  text-align: right;
}

.c0 .kirk-text {
  display: block;
}

.c0 .kirk-item-title--withBody {
  margin-bottom: 4px;
}

.c0 .kirk-item--strikethrough {
  -webkit-text-decoration: line-through;
  text-decoration: line-through;
}

.c0 .kirk-item-title--withButtonAddon {
  position: relative;
}

.c0 .kirk-item-leftAddon,
.c0 .kirk-item-rightAddon {
  display: -webkit-inline-box;
  display: -webkit-inline-flex;
  display: -ms-inline-flexbox;
  display: inline-flex;
  min-width: 24px;
  -webkit-align-items: center;
  -webkit-box-align: center;
  -ms-flex-align: center;
  align-items: center;
}

.c0 .kirk-item-leftAddon {
  margin-right: 16px;
}

.c0 .kirk-item-rightAddon {
  margin-left: 16px;
}

.c0.kirk-item--highlighted .kirk-text-title {
  color: #00AFF5;
}

.c0 .kirk-item-title--withButtonAddon button {
  position: absolute;
  width: 24px;
  height: 24px;
  margin-left: 4px;
  bottom: 0;
}

.c3.spinning {
  -webkit-animation: cqjtzU 1.4s linear infinite;
  animation: cqjtzU 1.4s linear infinite;
}

.c3 circle {
  stroke-width: 6;
  stroke-linecap: round;
}

.c3.spinning circle {
  stroke-dasharray: 187;
  stroke-dashoffset: 0;
  -webkit-transform-origin: center;
  -ms-transform-origin: center;
  transform-origin: center;
  -webkit-animation: hqYbNG 1.4s ease-in-out infinite;
  animation: hqYbNG 1.4s ease-in-out infinite;
}

.c3 circle.outer {
  stroke: #5DD167;
}

.c3 circle.inner {
  stroke-width: 0;
  fill: #5DD167;
}

.c3.thin circle {
  stroke-width: 3;
}

.c3.absolute {
  position: absolute;
}

.c2.kirk-loader--inline {
  display: inline-block;
}

.c2 .visually-hidden {
  position: absolute;
  height: 1px;
  width: 1px;
  overflow: hidden;
  -webkit-clip: rect(1px,1px,1px,1px);
  clip: rect(1px,1px,1px,1px);
  white-space: nowrap;
}

.c2.kirk-loader--fullScreen {
  display: -webkit-box;
  display: -webkit-flex;
  display: -ms-flexbox;
  display: flex;
  -webkit-align-items: center;
  -webkit-box-align: center;
  -ms-flex-align: center;
  align-items: center;
  -webkit-box-pack: center;
  -webkit-justify-content: center;
  -ms-flex-pack: center;
  justify-content: center;
  position: fixed;
  top: 0;
  left: 0;
  background-color: rgba(255,255,255,0.85);
  height: 100vh;
  width: 100vw;
  z-index: 4;
}

.c2.kirk-loader--block {
  display: block;
  display: -webkit-box;
  display: -webkit-flex;
  display: -ms-flexbox;
  display: flex;
  -webkit-box-pack: center;
  -webkit-justify-content: center;
  -ms-flex-pack: center;
  justify-content: center;
  padding: 16px 0;
}

.c2 .kirk-loader--done {
  display: -webkit-box;
  display: -webkit-flex;
  display: -ms-flexbox;
  display: flex;
  -webkit-align-items: center;
  -webkit-box-align: center;
  -ms-flex-align: center;
  align-items: center;
  -webkit-box-pack: center;
  -webkit-justify-content: center;
  -ms-flex-pack: center;
  justify-content: center;
  background-color: #5DD167;
  color: #FFF;
  border-radius: 50%;
}

<label
  className="kirk-item kirk-item--clickable kirk-item-radio custom-class-name c0"
>
  <span
    className="kirk-item-leftText"
  >
    <span
      className="kirk-text kirk-text-title c1"
    >
      Label title
    </span>
    <span
      className="kirk-text kirk-text-body kirk-item-body c1"
    >
      Label
    </span>
  </span>
  <span
    className="kirk-item-rightText"
  >
    <div
      className="kirk-text kirk-text-subheaderStrong kirk-item-title c1"
    >
      Data
    </div>
    <div
      className="kirk-text kirk-text-body kirk-item-body c1"
    >
      Data info
    </div>
  </span>
  <span
    className="kirk-item-rightAddon"
  >
    <input
      checked={false}
      disabled={true}
      name="name"
      onBlur={[Function]}
      onChange={[Function]}
      onClick={[Function]}
      onFocus={[Function]}
      type="radio"
      value={0}
    />
    <div
      aria-valuetext="Loading"
      className="c2 kirk-loader--inline"
      role="progressbar"
    >
      <div
        className=""
        style={
          Object {
            "height": "24px",
            "width": "24px",
          }
        }
      >
        <svg
          aria-hidden={true}
          className="kirk-icon kirk-icon-circle spinning c3 c4"
          height={24}
          viewBox="0 0 66 66"
          width={24}
          xmlns="http://www.w3.org/2000/svg"
        >
          
          <circle
            className="outer"
            cx="33"
            cy="33"
            fill="none"
            r="30"
          />
        </svg>
      </div>
    </div>
    <div
      className="visually-hidden"
      role="status"
    >
      Loading
    </div>
  </span>
</label>
`;

exports[`ItemRadio Should forward its props to the Item component 1`] = `
.c3 {
  fill: #00AFF5;
}

.c3.kirk-icon-wrapper {
  display: inline-block;
  position: relative;
}

.c3.kirk-icon-shadowed {
  border-radius: 50%;
  box-shadow: 0 0 2px rgba(0,0,0,.3);
}

.c3 .kirk-icon-badge {
  position: absolute;
  bottom: 12px;
  left: 12px;
}

.c1 {
  margin: 0;
  font-weight: 400;
}

.c1.kirk-text-button {
  color: #054752;
  font-size: 16px;
  line-height: 20px;
}

.c1.kirk-text-body,
.c1.kirk-text-bodyStrong {
  color: #708C91;
  font-size: 16px;
  line-height: 20px;
}

.c1.kirk-text-caption {
  color: #708C91;
  font-size: 13px;
  line-height: 16px;
}

.c1.kirk-text-title,
.c1.kirk-text-titleStrong {
  color: #054752;
  font-size: 18px;
  line-height: 20px;
}

.c1.kirk-text-display2 {
  color: #054752;
  font-size: 82px;
  line-height: 82px;
  font-weight: 500;
}

.c1.kirk-text-display1 {
  color: #054752;
  font-size: 30px;
  line-height: 1.06;
  font-weight: 500;
}

.c1.kirk-text-subheader,
.c1.kirk-text-subheaderStrong {
  color: #054752;
  font-size: 22px;
  line-height: 24px;
}

.c1.kirk-text-title,
.c1.kirk-text-titleStrong {
  color: #054752;
  font-size: 18px;
  line-height: 20px;
}

.c1.kirk-text-bodyStrong,
.c1.kirk-text-subheaderStrong,
.c1.kirk-text-titleStrong {
  font-weight: 500;
}

.c0 {
  position: relative;
  display: -webkit-box;
  display: -webkit-flex;
  display: -ms-flexbox;
  display: flex;
  padding: 0;
  padding-top: 16px;
  padding-bottom: 16px;
  -webkit-align-items: center;
  -webkit-box-align: center;
  -ms-flex-align: center;
  align-items: center;
  -webkit-flex: 1;
  -ms-flex: 1;
  flex: 1;
  border: 0;
  background: none;
}

.c0.kirk-item--clickable:hover {
  cursor: pointer;
  background: #EDEDED;
}

.c0.kirk-item--hideHoverBackground.kirk-item--clickable:hover {
  background: none;
}

.c0:disabled {
  cursor: default;
}

a.c0 {
  background: none;
  -webkit-text-decoration: none;
  text-decoration: none;
  -webkit-user-select: none;
  -moz-user-select: none;
  -ms-user-select: none;
  user-select: none;
  -webkit-tap-highlight-color: rgba(221,221,221,.4);
  -webkit-touch-callout: none;
}

button.c0 {
  cursor: pointer;
  text-align: left;
  width: 100%;
  font-family: inherit;
  background-color: transparent;
  -webkit-tap-highlight-color: rgba(221,221,221,.4);
  -webkit-touch-callout: none;
}

button:focus:not(.focus-visible).c0 {
  outline: none;
}

.c0 .kirk-item-leftText {
  -webkit-flex: 1;
  -ms-flex: 1;
  flex: 1;
}

.c0 .kirk-item-rightText {
  margin-left: 16px;
  text-align: right;
}

.c0 .kirk-text {
  display: block;
}

.c0 .kirk-item-title--withBody {
  margin-bottom: 4px;
}

.c0 .kirk-item--strikethrough {
  -webkit-text-decoration: line-through;
  text-decoration: line-through;
}

.c0 .kirk-item-title--withButtonAddon {
  position: relative;
}

.c0 .kirk-item-leftAddon,
.c0 .kirk-item-rightAddon {
  display: -webkit-inline-box;
  display: -webkit-inline-flex;
  display: -ms-inline-flexbox;
  display: inline-flex;
  min-width: 24px;
  -webkit-align-items: center;
  -webkit-box-align: center;
  -ms-flex-align: center;
  align-items: center;
}

.c0 .kirk-item-leftAddon {
  margin-right: 16px;
}

.c0 .kirk-item-rightAddon {
  margin-left: 16px;
}

.c0.kirk-item--highlighted .kirk-text-title {
  color: #00AFF5;
}

.c0 .kirk-item-title--withButtonAddon button {
  position: absolute;
  width: 24px;
  height: 24px;
  margin-left: 4px;
  bottom: 0;
}

.c2.spinning {
  -webkit-animation: cqjtzU 1.4s linear infinite;
  animation: cqjtzU 1.4s linear infinite;
}

.c2 circle {
  stroke-width: 6;
  stroke-linecap: round;
}

.c2.spinning circle {
  stroke-dasharray: 187;
  stroke-dashoffset: 0;
  -webkit-transform-origin: center;
  -ms-transform-origin: center;
  transform-origin: center;
  -webkit-animation: hqYbNG 1.4s ease-in-out infinite;
  animation: hqYbNG 1.4s ease-in-out infinite;
}

.c2 circle.outer {
  stroke: #00AFF5;
}

.c2 circle.inner {
  stroke-width: 0;
  fill: #00AFF5;
}

.c2.thin circle {
  stroke-width: 3;
}

.c2.absolute {
  position: absolute;
}

<label
  className="kirk-item kirk-item--clickable kirk-item-radio custom-class-name c0"
>
  <span
    className="kirk-item-leftText"
  >
    <span
      className="kirk-text kirk-text-title c1"
    >
      Label title
    </span>
    <span
      className="kirk-text kirk-text-body kirk-item-body c1"
    >
      Label
    </span>
  </span>
  <span
    className="kirk-item-rightText"
  >
    <div
      className="kirk-text kirk-text-subheaderStrong kirk-item-title c1"
    >
      Data
    </div>
    <div
      className="kirk-text kirk-text-body kirk-item-body c1"
    >
      Data info
    </div>
  </span>
  <span
    className="kirk-item-rightAddon"
  >
    <input
      checked={false}
      disabled={false}
      name="name"
      onBlur={[Function]}
      onChange={[Function]}
      onClick={[Function]}
      onFocus={[Function]}
      type="radio"
      value={0}
    />
    <svg
      aria-hidden={true}
      className="kirk-icon kirk-icon-circle c2 c3"
      height={24}
      viewBox="0 0 66 66"
      width={24}
      xmlns="http://www.w3.org/2000/svg"
    >
      
      <circle
        className="outer"
        cx="33"
        cy="33"
        fill="none"
        r="30"
      />
    </svg>
  </span>
</label>
`;
